Godot Engine v4.7.2.stable.official.ed1daf0bf - https://godotengine.org

[   0% ] [90m[1mfirst_scan_filesystem[22m | Started Project initialization (5 steps)[39m[0m
[   0% ] [90m[1mfirst_scan_filesystem[22m | Scanning file structure...[39m[0m
[  16% ] [90m[1mfirst_scan_filesystem[22m | Loading global class names...[39m[0m
[  33% ] [90m[1mfirst_scan_filesystem[22m | Verifying GDExtensions...[39m[0m
[  50% ] [90m[1mfirst_scan_filesystem[22m | Creating autoload scripts...[39m[0m
[  66% ] [90m[1mfirst_scan_filesystem[22m | Initializing plugins...[39m[0m
WARNING: Addon 'res://addons/gdUnit4/plugin.cfg' failed to load. No directory found. Removing from enabled plugins.
     at: set_addon_plugin_enabled (editor/editor_node.cpp:4464)
[  83% ] [90m[1mfirst_scan_filesystem[22m | Starting file scan...[39m[0m
[92m[ DONE ][39m [1mfirst_scan_filesystem[22m
[0m
[   0% ] [90m[1mexport[22m | Started Exporting for Android (105 steps)[39m[0m
0 param: --xr_mode_regular
1 param: --xr-mode
2 param: off
3 param: --fullscreen
4 param: --background_color
5 param: #000000
SCRIPT ERROR: Parse Error: Could not resolve class "MHSliceLayout", because of a parser error.
          at: GDScript::reload (res://gameplay/mh_vertical_slice.gd:153)
SCRIPT ERROR: Parse Error: Could not resolve class "MHSliceLayout", because of a parser error.
          at: GDScript::reload (res://gameplay/mh_vertical_slice.gd:246)
SCRIPT ERROR: Parse Error: Could not resolve class "MHSliceLayout", because of a parser error.
          at: GDScript::reload (res://gameplay/mh_vertical_slice.gd:247)
SCRIPT ERROR: Parse Error: Could not resolve class "MHSliceLayout", because of a parser error.
          at: GDScript::reload (res://gameplay/mh_vertical_slice.gd:277)
SCRIPT ERROR: Parse Error: Could not resolve class "MHSliceLayout", because of a parser error.
          at: GDScript::reload (res://gameplay/mh_vertical_slice.gd:285)
SCRIPT ERROR: Parse Error: Could not resolve class "MHSliceLayout", because of a parser error.
          at: GDScript::reload (res://gameplay/mh_vertical_slice.gd:285)
SCRIPT ERROR: Parse Error: Could not resolve class "MHSliceLayout", because of a parser error.
          at: GDScript::reload (res://gameplay/mh_vertical_slice.gd:286)
SCRIPT ERROR: Parse Error: Could not resolve class "MHSliceLayout", because of a parser error.
          at: GDScript::reload (res://gameplay/mh_vertical_slice.gd:286)
SCRIPT ERROR: Parse Error: Could not resolve class "MHSliceLayout", because of a parser error.
          at: GDScript::reload (res://gameplay/mh_vertical_slice.gd:287)
SCRIPT ERROR: Parse Error: Could not resolve class "MHSliceLayout", because of a parser error.
          at: GDScript::reload (res://gameplay/mh_vertical_slice.gd:288)
SCRIPT ERROR: Parse Error: Could not resolve class "MHSliceLayout", because of a parser error.
          at: GDScript::reload (res://gameplay/mh_vertical_slice.gd:290)
SCRIPT ERROR: Parse Error: Could not resolve class "MHSliceLayout", because of a parser error.
          at: GDScript::reload (res://gameplay/mh_vertical_slice.gd:290)
SCRIPT ERROR: Parse Error: Could not resolve class "MHSliceLayout", because of a parser error.
          at: GDScript::reload (res://gameplay/mh_vertical_slice.gd:292)
SCRIPT ERROR: Parse Error: Could not resolve class "MHSliceLayout", because of a parser error.
          at: GDScript::reload (res://gameplay/mh_vertical_slice.gd:292)
SCRIPT ERROR: Parse Error: Could not resolve class "MHSliceLayout", because of a parser error.
          at: GDScript::reload (res://gameplay/mh_vertical_slice.gd:293)
SCRIPT ERROR: Parse Error: Could not resolve class "MHSliceLayout", because of a parser error.
          at: GDScript::reload (res://gameplay/mh_vertical_slice.gd:293)
SCRIPT ERROR: Parse Error: Could not resolve class "MHSliceLayout", because of a parser error.
          at: GDScript::reload (res://gameplay/mh_vertical_slice.gd:302)
SCRIPT ERROR: Parse Error: Could not resolve class "MHSliceLayout", because of a parser error.
          at: GDScript::reload (res://gameplay/mh_vertical_slice.gd:314)
SCRIPT ERROR: Parse Error: Could not resolve class "MHSliceLayout", because of a parser error.
          at: GDScript::reload (res://gameplay/mh_vertical_slice.gd:321)
SCRIPT ERROR: Parse Error: Could not resolve class "MHSliceLayout", because of a parser error.
          at: GDScript::reload (res://gameplay/mh_vertical_slice.gd:323)
SCRIPT ERROR: Parse Error: Could not resolve class "MHSliceLayout", because of a parser error.
          at: GDScript::reload (res://gameplay/mh_vertical_slice.gd:325)
SCRIPT ERROR: Parse Error: Could not resolve class "MHSliceLayout", because of a parser error.
          at: GDScript::reload (res://gameplay/mh_vertical_slice.gd:328)
SCRIPT ERROR: Parse Error: Could not resolve class "MHSliceLayout", because of a parser error.
          at: GDScript::reload (res://gameplay/mh_vertical_slice.gd:442)
SCRIPT ERROR: Parse Error: Could not resolve class "MHSliceLayout", because of a parser error.
          at: GDScript::reload (res://gameplay/mh_vertical_slice.gd:549)
SCRIPT ERROR: Parse Error: Could not resolve class "MHSliceLayout", because of a parser error.
          at: GDScript::reload (res://gameplay/mh_vertical_slice.gd:551)
SCRIPT ERROR: Parse Error: Could not resolve class "MHSliceLayout", because of a parser error.
          at: GDScript::reload (res://gameplay/mh_vertical_slice.gd:572)
ERROR: Failed to load script "res://gameplay/mh_vertical_slice.gd" with error "Parse error".
   at: load (modules/gdscript/gdscript_resource_format.cpp:46)
[92m[ DONE ][39m [1mexport[22m
[0m
cannot connect to daemon at tcp:5037: Connection refused
