Godot Engine v4.7.2.stable.official.ed1daf0bf - https://godotengine.org

[   0% ] [90m[1mfirst_scan_filesystem[22m | Started Project initialization (5 steps)[39m[0m
[   0% ] [90m[1mfirst_scan_filesystem[22m | Scanning file structure...[39m[0m
[  16% ] [90m[1mfirst_scan_filesystem[22m | Loading global class names...[39m[0m
[  33% ] [90m[1mfirst_scan_filesystem[22m | Verifying GDExtensions...[39m[0m
[  50% ] [90m[1mfirst_scan_filesystem[22m | Creating autoload scripts...[39m[0m
[  66% ] [90m[1mfirst_scan_filesystem[22m | Initializing plugins...[39m[0m
WARNING: Addon 'res://addons/gdUnit4/plugin.cfg' failed to load. No directory found. Removing from enabled plugins.
     at: set_addon_plugin_enabled (editor/editor_node.cpp:4464)
[  83% ] [90m[1mfirst_scan_filesystem[22m | Starting file scan...[39m[0m
[92m[ DONE ][39m [1mfirst_scan_filesystem[22m
[0m
[   0% ] [90m[1mexport[22m | Started Exporting for Android (105 steps)[39m[0m
0 param: --xr_mode_regular
1 param: --xr-mode
2 param: off
3 param: --fullscreen
4 param: --background_color
5 param: #000000
SCRIPT ERROR: Parse Error: Static function "get_power_percent_left()" not found in base "GDScriptNativeClass".
          at: GDScript::reload (res://bench/mh_bench_runner.gd:62)
SCRIPT ERROR: Parse Error: Static function "get_power_percent_left()" not found in base "GDScriptNativeClass".
          at: GDScript::reload (res://bench/mh_bench_runner.gd:117)
SCRIPT ERROR: Compile Error: Failed to compile depended scripts.
          at: GDScript::reload (res://bench/bench_scene.gd:0)
ERROR: Failed to load script "res://bench/bench_scene.gd" with error "Parse error".
   at: load (modules/gdscript/gdscript_resource_format.cpp:46)
